{
  "commandAnnotations": [],
  "commands": [
    {
      "commandType": "home",
      "completedAt": "TIMESTAMP",
      "createdAt": "TIMESTAMP",
      "id": "UUID",
      "key": "50c7ae73a4e3f7129874f39dfb514803",
      "notes": [],
      "params": {},
      "result": {},
      "startedAt": "TIMESTAMP",
      "status": "succeeded"
    },
    {
      "commandType": "loadLabware",
      "completedAt": "TIMESTAMP",
      "createdAt": "TIMESTAMP",
      "id": "UUID",
      "key": "73d9d4d55ae8466f3a793ceb70545fa5",
      "notes": [],
      "params": {
        "loadName": "nest_1_reservoir_290ml",
        "location": {
          "addressableAreaName": "C4"
        },
        "namespace": "opentrons",
        "version": 1
      },
      "result": {
        "definition": {
          "allowedRoles": [],
          "brand": {
            "brand": "NEST",
            "brandId": [
              "360206",
              "360266"
            ],
            "links": [
              "https://www.nest-biotech.com/reagent-reserviors"
            ]
          },
          "cornerOffsetFromSlot": {
            "x": 0,
            "y": 0,
            "z": 0
          },
          "dimensions": {
            "xDimension": 127.76,
            "yDimension": 85.47,
            "zDimension": 44.4
          },
          "gripperOffsets": {},
          "groups": [
            {
              "metadata": {
                "wellBottomShape": "v"
              },
              "wells": [
                "A1"
              ]
            }
          ],
          "metadata": {
            "displayCategory": "reservoir",
            "displayName": "NEST 1 Well Reservoir 290 mL",
            "displayVolumeUnits": "mL",
            "tags": []
          },
          "namespace": "opentrons",
          "ordering": [
            [
              "A1"
            ]
          ],
          "parameters": {
            "format": "trough",
            "isMagneticModuleCompatible": false,
            "isTiprack": false,
            "loadName": "nest_1_reservoir_290ml",
            "quirks": [
              "centerMultichannelOnWells",
              "touchTipDisabled"
            ]
          },
          "schemaVersion": 2,
          "stackingOffsetWithLabware": {},
          "stackingOffsetWithModule": {},
          "version": 1,
          "wells": {
            "A1": {
              "depth": 39.55,
              "shape": "rectangular",
              "totalLiquidVolume": 290000,
              "x": 63.88,
              "xDimension": 106.8,
              "y": 42.74,
              "yDimension": 71.2,
              "z": 4.85
            }
          }
        },
        "labwareId": "UUID"
      },
      "startedAt": "TIMESTAMP",
      "status": "succeeded"
    },
    {
      "commandType": "loadModule",
      "completedAt": "TIMESTAMP",
      "createdAt": "TIMESTAMP",
      "error": {
        "createdAt": "TIMESTAMP",
        "detail": "Cannot use Temperature Module in C3, not compatible with one or more of the following fixtures: Slot C4",
        "errorCode": "4000",
        "errorInfo": {},
        "errorType": "IncompatibleAddressableAreaError",
        "id": "UUID",
        "isDefined": false,
        "wrappedErrors": []
      },
      "id": "UUID",
      "key": "a3a7eed460d8d94a91747f23820a180d",
      "notes": [
        {
          "longMessage": "Handling this command failure with FAIL_RUN.",
          "noteKind": "debugErrorRecovery",
          "shortMessage": "Handling this command failure with FAIL_RUN.",
          "source": "execution"
        }
      ],
      "params": {
        "location": {
          "slotName": "C3"
        },
        "model": "temperatureModuleV2"
      },
      "startedAt": "TIMESTAMP",
      "status": "failed"
    }
  ],
  "config": {
    "apiVersion": [
      2,
      16
    ],
    "protocolType": "python"
  },
  "createdAt": "TIMESTAMP",
  "errors": [
    {
      "createdAt": "TIMESTAMP",
      "detail": "ProtocolCommandFailedError [line 17]: Error 4000 GENERAL_ERROR (ProtocolCommandFailedError): IncompatibleAddressableAreaError: Cannot use Temperature Module in C3, not compatible with one or more of the following fixtures: Slot C4",
      "errorCode": "4000",
      "errorInfo": {},
      "errorType": "ExceptionInProtocolError",
      "id": "UUID",
      "isDefined": false,
      "wrappedErrors": [
        {
          "createdAt": "TIMESTAMP",
          "detail": "IncompatibleAddressableAreaError: Cannot use Temperature Module in C3, not compatible with one or more of the following fixtures: Slot C4",
          "errorCode": "4000",
          "errorInfo": {},
          "errorType": "ProtocolCommandFailedError",
          "id": "UUID",
          "isDefined": false,
          "wrappedErrors": [
            {
              "createdAt": "TIMESTAMP",
              "detail": "Cannot use Temperature Module in C3, not compatible with one or more of the following fixtures: Slot C4",
              "errorCode": "4000",
              "errorInfo": {},
              "errorType": "IncompatibleAddressableAreaError",
              "id": "UUID",
              "isDefined": false,
              "wrappedErrors": []
            }
          ]
        }
      ]
    }
  ],
  "files": [
    {
      "name": "Flex_X_v2_16_NO_PIPETTES_TM_ModuleInStagingAreaCol3.py",
      "role": "main"
    }
  ],
  "labware": [
    {
      "definitionUri": "opentrons/nest_1_reservoir_290ml/1",
      "id": "UUID",
      "loadName": "nest_1_reservoir_290ml",
      "location": {
        "addressableAreaName": "C4"
      }
    }
  ],
  "liquidClasses": [],
  "liquids": [],
  "metadata": {
    "author": "Derek Maggio <derek.maggio@opentrons.com>",
    "protocolName": "QA Protocol - Analysis Error - Module in Staging Area Column 3"
  },
  "modules": [],
  "pipettes": [],
  "result": "not-ok",
  "robotType": "OT-3 Standard",
  "runTimeParameters": []
}
