{
  "commandAnnotations": [],
  "commands": [
    {
      "commandType": "home",
      "completedAt": "TIMESTAMP",
      "createdAt": "TIMESTAMP",
      "id": "UUID",
      "key": "50c7ae73a4e3f7129874f39dfb514803",
      "notes": [],
      "params": {},
      "result": {},
      "startedAt": "TIMESTAMP",
      "status": "succeeded"
    }
  ],
  "config": {
    "apiVersion": [
      2,
      16
    ],
    "protocolType": "python"
  },
  "createdAt": "TIMESTAMP",
  "errors": [
    {
      "createdAt": "TIMESTAMP",
      "detail": "UnsupportedAPIError [line 15]: Error 4002 API_REMOVED (UnsupportedAPIError): Fixed Trash is not available after API version 2.16. You are currently using API version 2.16. Fixed trash is no longer supported on Flex protocols.",
      "errorCode": "4000",
      "errorInfo": {},
      "errorType": "ExceptionInProtocolError",
      "id": "UUID",
      "isDefined": false,
      "wrappedErrors": [
        {
          "createdAt": "TIMESTAMP",
          "detail": "Fixed Trash is not available after API version 2.16. You are currently using API version 2.16. Fixed trash is no longer supported on Flex protocols.",
          "errorCode": "4002",
          "errorInfo": {
            "current_version": "2.16",
            "identifier": "Fixed Trash",
            "since_version": "2.16"
          },
          "errorType": "UnsupportedAPIError",
          "id": "UUID",
          "isDefined": false,
          "wrappedErrors": []
        }
      ]
    }
  ],
  "files": [
    {
      "name": "Flex_X_v2_16_NO_PIPETTES_AccessToFixedTrashProp.py",
      "role": "main"
    }
  ],
  "labware": [],
  "liquidClasses": [],
  "liquids": [],
  "metadata": {
    "author": "Derek Maggio <derek.maggio@opentrons.com>",
    "protocolName": "QA Protocol - Analysis Error - Access to Fixed Trash Property"
  },
  "modules": [],
  "pipettes": [],
  "result": "not-ok",
  "robotType": "OT-3 Standard",
  "runTimeParameters": []
}
