{
  "commandAnnotations": [],
  "commands": [
    {
      "commandType": "home",
      "completedAt": "TIMESTAMP",
      "createdAt": "TIMESTAMP",
      "id": "UUID",
      "key": "50c7ae73a4e3f7129874f39dfb514803",
      "notes": [],
      "params": {},
      "result": {},
      "startedAt": "TIMESTAMP",
      "status": "succeeded"
    },
    {
      "commandType": "loadModule",
      "completedAt": "TIMESTAMP",
      "createdAt": "TIMESTAMP",
      "id": "UUID",
      "key": "8511b05ba5565bf0e6dcccd800e2ee23",
      "notes": [],
      "params": {
        "location": {
          "slotName": "B1"
        },
        "model": "thermocyclerModuleV2"
      },
      "result": {
        "definition": {
          "calibrationPoint": {
            "x": 14.4,
            "y": 64.93,
            "z": 97.8
          },
          "compatibleWith": [],
          "dimensions": {
            "bareOverallHeight": 108.96,
            "lidHeight": 61.7,
            "overLabwareHeight": 0.0
          },
          "displayName": "Thermocycler Module GEN2",
          "gripperOffsets": {
            "default": {
              "dropOffset": {
                "x": 0.0,
                "y": 0.0,
                "z": 5.6
              },
              "pickUpOffset": {
                "x": 0.0,
                "y": 0.0,
                "z": 4.6
              }
            }
          },
          "labwareOffset": {
            "x": 0.0,
            "y": 68.8,
            "z": 108.96
          },
          "model": "thermocyclerModuleV2",
          "moduleType": "thermocyclerModuleType",
          "otSharedSchema": "module/schemas/2",
          "quirks": [],
          "slotTransforms": {
            "ot3_standard": {
              "B1": {
                "cornerOffsetFromSlot": [
                  [
                    -98,
                    0,
                    0,
                    1
                  ],
                  [
                    -20.005,
                    0,
                    0,
                    1
                  ],
                  [
                    -0.84,
                    0,
                    0,
                    1
                  ],
                  [
                    0,
                    0,
                    0,
                    1
                  ]
                ],
                "labwareOffset": [
                  [
                    -98,
                    0,
                    0,
                    1
                  ],
                  [
                    -20.005,
                    0,
                    0,
                    1
                  ],
                  [
                    -0.84,
                    0,
                    0,
                    1
                  ],
                  [
                    0,
                    0,
                    0,
                    1
                  ]
                ]
              }
            }
          }
        },
        "model": "thermocyclerModuleV2",
        "moduleId": "UUID",
        "serialNumber": "UUID"
      },
      "startedAt": "TIMESTAMP",
      "status": "succeeded"
    },
    {
      "commandType": "loadLabware",
      "completedAt": "TIMESTAMP",
      "createdAt": "TIMESTAMP",
      "id": "UUID",
      "key": "b9563ff54d4bfe61c469a7da06e79f42",
      "notes": [],
      "params": {
        "loadName": "opentrons_flex_96_tiprack_200ul",
        "location": {
          "slotName": "A2"
        },
        "namespace": "opentrons",
        "version": 1
      },
      "result": {
        "definition": {
          "allowedRoles": [],
          "brand": {
            "brand": "Opentrons",
            "brandId": []
          },
          "cornerOffsetFromSlot": {
            "x": 0,
            "y": 0,
            "z": 0
          },
          "dimensions": {
            "xDimension": 127.75,
            "yDimension": 85.75,
            "zDimension": 99
          },
          "gripForce": 16.0,
          "gripHeightFromLabwareBottom": 23.9,
          "gripperOffsets": {},
          "groups": [
            {
              "metadata": {},
              "wells": [
                "A1",
                "A10",
                "A11",
                "A12",
                "A2",
                "A3",
                "A4",
                "A5",
                "A6",
                "A7",
                "A8",
                "A9",
                "B1",
                "B10",
                "B11",
                "B12",
                "B2",
                "B3",
                "B4",
                "B5",
                "B6",
                "B7",
                "B8",
                "B9",
                "C1",
                "C10",
                "C11",
                "C12",
                "C2",
                "C3",
                "C4",
                "C5",
                "C6",
                "C7",
                "C8",
                "C9",
                "D1",
                "D10",
                "D11",
                "D12",
                "D2",
                "D3",
                "D4",
                "D5",
                "D6",
                "D7",
                "D8",
                "D9",
                "E1",
                "E10",
                "E11",
                "E12",
                "E2",
                "E3",
                "E4",
                "E5",
                "E6",
                "E7",
                "E8",
                "E9",
                "F1",
                "F10",
                "F11",
                "F12",
                "F2",
                "F3",
                "F4",
                "F5",
                "F6",
                "F7",
                "F8",
                "F9",
                "G1",
                "G10",
                "G11",
                "G12",
                "G2",
                "G3",
                "G4",
                "G5",
                "G6",
                "G7",
                "G8",
                "G9",
                "H1",
                "H10",
                "H11",
                "H12",
                "H2",
                "H3",
                "H4",
                "H5",
                "H6",
                "H7",
                "H8",
                "H9"
              ]
            }
          ],
          "metadata": {
            "displayCategory": "tipRack",
            "displayName": "Opentrons Flex 96 Tip Rack 200 µL",
            "displayVolumeUnits": "µL",
            "tags": []
          },
          "namespace": "opentrons",
          "ordering": [
            [
              "A1",
              "B1",
              "C1",
              "D1",
              "E1",
              "F1",
              "G1",
              "H1"
            ],
            [
              "A10",
              "B10",
              "C10",
              "D10",
              "E10",
              "F10",
              "G10",
              "H10"
            ],
            [
              "A11",
              "B11",
              "C11",
              "D11",
              "E11",
              "F11",
              "G11",
              "H11"
            ],
            [
              "A12",
              "B12",
              "C12",
              "D12",
              "E12",
              "F12",
              "G12",
              "H12"
            ],
            [
              "A2",
              "B2",
              "C2",
              "D2",
              "E2",
              "F2",
              "G2",
              "H2"
            ],
            [
              "A3",
              "B3",
              "C3",
              "D3",
              "E3",
              "F3",
              "G3",
              "H3"
            ],
            [
              "A4",
              "B4",
              "C4",
              "D4",
              "E4",
              "F4",
              "G4",
              "H4"
            ],
            [
              "A5",
              "B5",
              "C5",
              "D5",
              "E5",
              "F5",
              "G5",
              "H5"
            ],
            [
              "A6",
              "B6",
              "C6",
              "D6",
              "E6",
              "F6",
              "G6",
              "H6"
            ],
            [
              "A7",
              "B7",
              "C7",
              "D7",
              "E7",
              "F7",
              "G7",
              "H7"
            ],
            [
              "A8",
              "B8",
              "C8",
              "D8",
              "E8",
              "F8",
              "G8",
              "H8"
            ],
            [
              "A9",
              "B9",
              "C9",
              "D9",
              "E9",
              "F9",
              "G9",
              "H9"
            ]
          ],
          "parameters": {
            "format": "96Standard",
            "isMagneticModuleCompatible": false,
            "isTiprack": true,
            "loadName": "opentrons_flex_96_tiprack_200ul",
            "quirks": [],
            "tipLength": 58.35,
            "tipOverlap": 10.5
          },
          "schemaVersion": 2,
          "stackingOffsetWithLabware": {
            "opentrons_flex_96_tiprack_adapter": {
              "x": 0,
              "y": 0,
              "z": 121
            }
          },
          "stackingOffsetWithModule": {},
          "version": 1,
          "wells": {
            "A1": {
              "depth": 97.5,
              "diameter": 5.59,
              "shape": "circular",
              "totalLiquidVolume": 200,
              "x": 14.38,
              "y": 74.38,
              "z": 1.5
            },
            "A10": {
              "depth": 97.5,
              "diameter": 5.59,
              "shape": "circular",
              "totalLiquidVolume": 200,
              "x": 95.38,
              "y": 74.38,
              "z": 1.5
            },
            "A11": {
              "depth": 97.5,
              "diameter": 5.59,
              "shape": "circular",
              "totalLiquidVolume": 200,
              "x": 104.38,
              "y": 74.38,
              "z": 1.5
            },
            "A12": {
              "depth": 97.5,
              "diameter": 5.59,
              "shape": "circular",
              "totalLiquidVolume": 200,
              "x": 113.38,
              "y": 74.38,
              "z": 1.5
            },
            "A2": {
              "depth": 97.5,
              "diameter": 5.59,
              "shape": "circular",
              "totalLiquidVolume": 200,
              "x": 23.38,
              "y": 74.38,
              "z": 1.5
            },
            "A3": {
              "depth": 97.5,
              "diameter": 5.59,
              "shape": "circular",
              "totalLiquidVolume": 200,
              "x": 32.38,
              "y": 74.38,
              "z": 1.5
            },
            "A4": {
              "depth": 97.5,
              "diameter": 5.59,
              "shape": "circular",
              "totalLiquidVolume": 200,
              "x": 41.38,
              "y": 74.38,
              "z": 1.5
            },
            "A5": {
              "depth": 97.5,
              "diameter": 5.59,
              "shape": "circular",
              "totalLiquidVolume": 200,
              "x": 50.38,
              "y": 74.38,
              "z": 1.5
            },
            "A6": {
              "depth": 97.5,
              "diameter": 5.59,
              "shape": "circular",
              "totalLiquidVolume": 200,
              "x": 59.38,
              "y": 74.38,
              "z": 1.5
            },
            "A7": {
              "depth": 97.5,
              "diameter": 5.59,
              "shape": "circular",
              "totalLiquidVolume": 200,
              "x": 68.38,
              "y": 74.38,
              "z": 1.5
            },
            "A8": {
              "depth": 97.5,
              "diameter": 5.59,
              "shape": "circular",
              "totalLiquidVolume": 200,
              "x": 77.38,
              "y": 74.38,
              "z": 1.5
            },
            "A9": {
              "depth": 97.5,
              "diameter": 5.59,
              "shape": "circular",
              "totalLiquidVolume": 200,
              "x": 86.38,
              "y": 74.38,
              "z": 1.5
            },
            "B1": {
              "depth": 97.5,
              "diameter": 5.59,
              "shape": "circular",
              "totalLiquidVolume": 200,
              "x": 14.38,
              "y": 65.38,
              "z": 1.5
            },
            "B10": {
              "depth": 97.5,
              "diameter": 5.59,
              "shape": "circular",
              "totalLiquidVolume": 200,
              "x": 95.38,
              "y": 65.38,
              "z": 1.5
            },
            "B11": {
              "depth": 97.5,
              "diameter": 5.59,
              "shape": "circular",
              "totalLiquidVolume": 200,
              "x": 104.38,
              "y": 65.38,
              "z": 1.5
            },
            "B12": {
              "depth": 97.5,
              "diameter": 5.59,
              "shape": "circular",
              "totalLiquidVolume": 200,
              "x": 113.38,
              "y": 65.38,
              "z": 1.5
            },
            "B2": {
              "depth": 97.5,
              "diameter": 5.59,
              "shape": "circular",
              "totalLiquidVolume": 200,
              "x": 23.38,
              "y": 65.38,
              "z": 1.5
            },
            "B3": {
              "depth": 97.5,
              "diameter": 5.59,
              "shape": "circular",
              "totalLiquidVolume": 200,
              "x": 32.38,
              "y": 65.38,
              "z": 1.5
            },
            "B4": {
              "depth": 97.5,
              "diameter": 5.59,
              "shape": "circular",
              "totalLiquidVolume": 200,
              "x": 41.38,
              "y": 65.38,
              "z": 1.5
            },
            "B5": {
              "depth": 97.5,
              "diameter": 5.59,
              "shape": "circular",
              "totalLiquidVolume": 200,
              "x": 50.38,
              "y": 65.38,
              "z": 1.5
            },
            "B6": {
              "depth": 97.5,
              "diameter": 5.59,
              "shape": "circular",
              "totalLiquidVolume": 200,
              "x": 59.38,
              "y": 65.38,
              "z": 1.5
            },
            "B7": {
              "depth": 97.5,
              "diameter": 5.59,
              "shape": "circular",
              "totalLiquidVolume": 200,
              "x": 68.38,
              "y": 65.38,
              "z": 1.5
            },
            "B8": {
              "depth": 97.5,
              "diameter": 5.59,
              "shape": "circular",
              "totalLiquidVolume": 200,
              "x": 77.38,
              "y": 65.38,
              "z": 1.5
            },
            "B9": {
              "depth": 97.5,
              "diameter": 5.59,
              "shape": "circular",
              "totalLiquidVolume": 200,
              "x": 86.38,
              "y": 65.38,
              "z": 1.5
            },
            "C1": {
              "depth": 97.5,
              "diameter": 5.59,
              "shape": "circular",
              "totalLiquidVolume": 200,
              "x": 14.38,
              "y": 56.38,
              "z": 1.5
            },
            "C10": {
              "depth": 97.5,
              "diameter": 5.59,
              "shape": "circular",
              "totalLiquidVolume": 200,
              "x": 95.38,
              "y": 56.38,
              "z": 1.5
            },
            "C11": {
              "depth": 97.5,
              "diameter": 5.59,
              "shape": "circular",
              "totalLiquidVolume": 200,
              "x": 104.38,
              "y": 56.38,
              "z": 1.5
            },
            "C12": {
              "depth": 97.5,
              "diameter": 5.59,
              "shape": "circular",
              "totalLiquidVolume": 200,
              "x": 113.38,
              "y": 56.38,
              "z": 1.5
            },
            "C2": {
              "depth": 97.5,
              "diameter": 5.59,
              "shape": "circular",
              "totalLiquidVolume": 200,
              "x": 23.38,
              "y": 56.38,
              "z": 1.5
            },
            "C3": {
              "depth": 97.5,
              "diameter": 5.59,
              "shape": "circular",
              "totalLiquidVolume": 200,
              "x": 32.38,
              "y": 56.38,
              "z": 1.5
            },
            "C4": {
              "depth": 97.5,
              "diameter": 5.59,
              "shape": "circular",
              "totalLiquidVolume": 200,
              "x": 41.38,
              "y": 56.38,
              "z": 1.5
            },
            "C5": {
              "depth": 97.5,
              "diameter": 5.59,
              "shape": "circular",
              "totalLiquidVolume": 200,
              "x": 50.38,
              "y": 56.38,
              "z": 1.5
            },
            "C6": {
              "depth": 97.5,
              "diameter": 5.59,
              "shape": "circular",
              "totalLiquidVolume": 200,
              "x": 59.38,
              "y": 56.38,
              "z": 1.5
            },
            "C7": {
              "depth": 97.5,
              "diameter": 5.59,
              "shape": "circular",
              "totalLiquidVolume": 200,
              "x": 68.38,
              "y": 56.38,
              "z": 1.5
            },
            "C8": {
              "depth": 97.5,
              "diameter": 5.59,
              "shape": "circular",
              "totalLiquidVolume": 200,
              "x": 77.38,
              "y": 56.38,
              "z": 1.5
            },
            "C9": {
              "depth": 97.5,
              "diameter": 5.59,
              "shape": "circular",
              "totalLiquidVolume": 200,
              "x": 86.38,
              "y": 56.38,
              "z": 1.5
            },
            "D1": {
              "depth": 97.5,
              "diameter": 5.59,
              "shape": "circular",
              "totalLiquidVolume": 200,
              "x": 14.38,
              "y": 47.38,
              "z": 1.5
            },
            "D10": {
              "depth": 97.5,
              "diameter": 5.59,
              "shape": "circular",
              "totalLiquidVolume": 200,
              "x": 95.38,
              "y": 47.38,
              "z": 1.5
            },
            "D11": {
              "depth": 97.5,
              "diameter": 5.59,
              "shape": "circular",
              "totalLiquidVolume": 200,
              "x": 104.38,
              "y": 47.38,
              "z": 1.5
            },
            "D12": {
              "depth": 97.5,
              "diameter": 5.59,
              "shape": "circular",
              "totalLiquidVolume": 200,
              "x": 113.38,
              "y": 47.38,
              "z": 1.5
            },
            "D2": {
              "depth": 97.5,
              "diameter": 5.59,
              "shape": "circular",
              "totalLiquidVolume": 200,
              "x": 23.38,
              "y": 47.38,
              "z": 1.5
            },
            "D3": {
              "depth": 97.5,
              "diameter": 5.59,
              "shape": "circular",
              "totalLiquidVolume": 200,
              "x": 32.38,
              "y": 47.38,
              "z": 1.5
            },
            "D4": {
              "depth": 97.5,
              "diameter": 5.59,
              "shape": "circular",
              "totalLiquidVolume": 200,
              "x": 41.38,
              "y": 47.38,
              "z": 1.5
            },
            "D5": {
              "depth": 97.5,
              "diameter": 5.59,
              "shape": "circular",
              "totalLiquidVolume": 200,
              "x": 50.38,
              "y": 47.38,
              "z": 1.5
            },
            "D6": {
              "depth": 97.5,
              "diameter": 5.59,
              "shape": "circular",
              "totalLiquidVolume": 200,
              "x": 59.38,
              "y": 47.38,
              "z": 1.5
            },
            "D7": {
              "depth": 97.5,
              "diameter": 5.59,
              "shape": "circular",
              "totalLiquidVolume": 200,
              "x": 68.38,
              "y": 47.38,
              "z": 1.5
            },
            "D8": {
              "depth": 97.5,
              "diameter": 5.59,
              "shape": "circular",
              "totalLiquidVolume": 200,
              "x": 77.38,
              "y": 47.38,
              "z": 1.5
            },
            "D9": {
              "depth": 97.5,
              "diameter": 5.59,
              "shape": "circular",
              "totalLiquidVolume": 200,
              "x": 86.38,
              "y": 47.38,
              "z": 1.5
            },
            "E1": {
              "depth": 97.5,
              "diameter": 5.59,
              "shape": "circular",
              "totalLiquidVolume": 200,
              "x": 14.38,
              "y": 38.38,
              "z": 1.5
            },
            "E10": {
              "depth": 97.5,
              "diameter": 5.59,
              "shape": "circular",
              "totalLiquidVolume": 200,
              "x": 95.38,
              "y": 38.38,
              "z": 1.5
            },
            "E11": {
              "depth": 97.5,
              "diameter": 5.59,
              "shape": "circular",
              "totalLiquidVolume": 200,
              "x": 104.38,
              "y": 38.38,
              "z": 1.5
            },
            "E12": {
              "depth": 97.5,
              "diameter": 5.59,
              "shape": "circular",
              "totalLiquidVolume": 200,
              "x": 113.38,
              "y": 38.38,
              "z": 1.5
            },
            "E2": {
              "depth": 97.5,
              "diameter": 5.59,
              "shape": "circular",
              "totalLiquidVolume": 200,
              "x": 23.38,
              "y": 38.38,
              "z": 1.5
            },
            "E3": {
              "depth": 97.5,
              "diameter": 5.59,
              "shape": "circular",
              "totalLiquidVolume": 200,
              "x": 32.38,
              "y": 38.38,
              "z": 1.5
            },
            "E4": {
              "depth": 97.5,
              "diameter": 5.59,
              "shape": "circular",
              "totalLiquidVolume": 200,
              "x": 41.38,
              "y": 38.38,
              "z": 1.5
            },
            "E5": {
              "depth": 97.5,
              "diameter": 5.59,
              "shape": "circular",
              "totalLiquidVolume": 200,
              "x": 50.38,
              "y": 38.38,
              "z": 1.5
            },
            "E6": {
              "depth": 97.5,
              "diameter": 5.59,
              "shape": "circular",
              "totalLiquidVolume": 200,
              "x": 59.38,
              "y": 38.38,
              "z": 1.5
            },
            "E7": {
              "depth": 97.5,
              "diameter": 5.59,
              "shape": "circular",
              "totalLiquidVolume": 200,
              "x": 68.38,
              "y": 38.38,
              "z": 1.5
            },
            "E8": {
              "depth": 97.5,
              "diameter": 5.59,
              "shape": "circular",
              "totalLiquidVolume": 200,
              "x": 77.38,
              "y": 38.38,
              "z": 1.5
            },
            "E9": {
              "depth": 97.5,
              "diameter": 5.59,
              "shape": "circular",
              "totalLiquidVolume": 200,
              "x": 86.38,
              "y": 38.38,
              "z": 1.5
            },
            "F1": {
              "depth": 97.5,
              "diameter": 5.59,
              "shape": "circular",
              "totalLiquidVolume": 200,
              "x": 14.38,
              "y": 29.38,
              "z": 1.5
            },
            "F10": {
              "depth": 97.5,
              "diameter": 5.59,
              "shape": "circular",
              "totalLiquidVolume": 200,
              "x": 95.38,
              "y": 29.38,
              "z": 1.5
            },
            "F11": {
              "depth": 97.5,
              "diameter": 5.59,
              "shape": "circular",
              "totalLiquidVolume": 200,
              "x": 104.38,
              "y": 29.38,
              "z": 1.5
            },
            "F12": {
              "depth": 97.5,
              "diameter": 5.59,
              "shape": "circular",
              "totalLiquidVolume": 200,
              "x": 113.38,
              "y": 29.38,
              "z": 1.5
            },
            "F2": {
              "depth": 97.5,
              "diameter": 5.59,
              "shape": "circular",
              "totalLiquidVolume": 200,
              "x": 23.38,
              "y": 29.38,
              "z": 1.5
            },
            "F3": {
              "depth": 97.5,
              "diameter": 5.59,
              "shape": "circular",
              "totalLiquidVolume": 200,
              "x": 32.38,
              "y": 29.38,
              "z": 1.5
            },
            "F4": {
              "depth": 97.5,
              "diameter": 5.59,
              "shape": "circular",
              "totalLiquidVolume": 200,
              "x": 41.38,
              "y": 29.38,
              "z": 1.5
            },
            "F5": {
              "depth": 97.5,
              "diameter": 5.59,
              "shape": "circular",
              "totalLiquidVolume": 200,
              "x": 50.38,
              "y": 29.38,
              "z": 1.5
            },
            "F6": {
              "depth": 97.5,
              "diameter": 5.59,
              "shape": "circular",
              "totalLiquidVolume": 200,
              "x": 59.38,
              "y": 29.38,
              "z": 1.5
            },
            "F7": {
              "depth": 97.5,
              "diameter": 5.59,
              "shape": "circular",
              "totalLiquidVolume": 200,
              "x": 68.38,
              "y": 29.38,
              "z": 1.5
            },
            "F8": {
              "depth": 97.5,
              "diameter": 5.59,
              "shape": "circular",
              "totalLiquidVolume": 200,
              "x": 77.38,
              "y": 29.38,
              "z": 1.5
            },
            "F9": {
              "depth": 97.5,
              "diameter": 5.59,
              "shape": "circular",
              "totalLiquidVolume": 200,
              "x": 86.38,
              "y": 29.38,
              "z": 1.5
            },
            "G1": {
              "depth": 97.5,
              "diameter": 5.59,
              "shape": "circular",
              "totalLiquidVolume": 200,
              "x": 14.38,
              "y": 20.38,
              "z": 1.5
            },
            "G10": {
              "depth": 97.5,
              "diameter": 5.59,
              "shape": "circular",
              "totalLiquidVolume": 200,
              "x": 95.38,
              "y": 20.38,
              "z": 1.5
            },
            "G11": {
              "depth": 97.5,
              "diameter": 5.59,
              "shape": "circular",
              "totalLiquidVolume": 200,
              "x": 104.38,
              "y": 20.38,
              "z": 1.5
            },
            "G12": {
              "depth": 97.5,
              "diameter": 5.59,
              "shape": "circular",
              "totalLiquidVolume": 200,
              "x": 113.38,
              "y": 20.38,
              "z": 1.5
            },
            "G2": {
              "depth": 97.5,
              "diameter": 5.59,
              "shape": "circular",
              "totalLiquidVolume": 200,
              "x": 23.38,
              "y": 20.38,
              "z": 1.5
            },
            "G3": {
              "depth": 97.5,
              "diameter": 5.59,
              "shape": "circular",
              "totalLiquidVolume": 200,
              "x": 32.38,
              "y": 20.38,
              "z": 1.5
            },
            "G4": {
              "depth": 97.5,
              "diameter": 5.59,
              "shape": "circular",
              "totalLiquidVolume": 200,
              "x": 41.38,
              "y": 20.38,
              "z": 1.5
            },
            "G5": {
              "depth": 97.5,
              "diameter": 5.59,
              "shape": "circular",
              "totalLiquidVolume": 200,
              "x": 50.38,
              "y": 20.38,
              "z": 1.5
            },
            "G6": {
              "depth": 97.5,
              "diameter": 5.59,
              "shape": "circular",
              "totalLiquidVolume": 200,
              "x": 59.38,
              "y": 20.38,
              "z": 1.5
            },
            "G7": {
              "depth": 97.5,
              "diameter": 5.59,
              "shape": "circular",
              "totalLiquidVolume": 200,
              "x": 68.38,
              "y": 20.38,
              "z": 1.5
            },
            "G8": {
              "depth": 97.5,
              "diameter": 5.59,
              "shape": "circular",
              "totalLiquidVolume": 200,
              "x": 77.38,
              "y": 20.38,
              "z": 1.5
            },
            "G9": {
              "depth": 97.5,
              "diameter": 5.59,
              "shape": "circular",
              "totalLiquidVolume": 200,
              "x": 86.38,
              "y": 20.38,
              "z": 1.5
            },
            "H1": {
              "depth": 97.5,
              "diameter": 5.59,
              "shape": "circular",
              "totalLiquidVolume": 200,
              "x": 14.38,
              "y": 11.38,
              "z": 1.5
            },
            "H10": {
              "depth": 97.5,
              "diameter": 5.59,
              "shape": "circular",
              "totalLiquidVolume": 200,
              "x": 95.38,
              "y": 11.38,
              "z": 1.5
            },
            "H11": {
              "depth": 97.5,
              "diameter": 5.59,
              "shape": "circular",
              "totalLiquidVolume": 200,
              "x": 104.38,
              "y": 11.38,
              "z": 1.5
            },
            "H12": {
              "depth": 97.5,
              "diameter": 5.59,
              "shape": "circular",
              "totalLiquidVolume": 200,
              "x": 113.38,
              "y": 11.38,
              "z": 1.5
            },
            "H2": {
              "depth": 97.5,
              "diameter": 5.59,
              "shape": "circular",
              "totalLiquidVolume": 200,
              "x": 23.38,
              "y": 11.38,
              "z": 1.5
            },
            "H3": {
              "depth": 97.5,
              "diameter": 5.59,
              "shape": "circular",
              "totalLiquidVolume": 200,
              "x": 32.38,
              "y": 11.38,
              "z": 1.5
            },
            "H4": {
              "depth": 97.5,
              "diameter": 5.59,
              "shape": "circular",
              "totalLiquidVolume": 200,
              "x": 41.38,
              "y": 11.38,
              "z": 1.5
            },
            "H5": {
              "depth": 97.5,
              "diameter": 5.59,
              "shape": "circular",
              "totalLiquidVolume": 200,
              "x": 50.38,
              "y": 11.38,
              "z": 1.5
            },
            "H6": {
              "depth": 97.5,
              "diameter": 5.59,
              "shape": "circular",
              "totalLiquidVolume": 200,
              "x": 59.38,
              "y": 11.38,
              "z": 1.5
            },
            "H7": {
              "depth": 97.5,
              "diameter": 5.59,
              "shape": "circular",
              "totalLiquidVolume": 200,
              "x": 68.38,
              "y": 11.38,
              "z": 1.5
            },
            "H8": {
              "depth": 97.5,
              "diameter": 5.59,
              "shape": "circular",
              "totalLiquidVolume": 200,
              "x": 77.38,
              "y": 11.38,
              "z": 1.5
            },
            "H9": {
              "depth": 97.5,
              "diameter": 5.59,
              "shape": "circular",
              "totalLiquidVolume": 200,
              "x": 86.38,
              "y": 11.38,
              "z": 1.5
            }
          }
        },
        "labwareId": "UUID"
      },
      "startedAt": "TIMESTAMP",
      "status": "succeeded"
    },
    {
      "commandType": "loadPipette",
      "completedAt": "TIMESTAMP",
      "createdAt": "TIMESTAMP",
      "id": "UUID",
      "key": "2763353e564ce1df96aeccf789058132",
      "notes": [],
      "params": {
        "liquidPresenceDetection": false,
        "mount": "left",
        "pipetteName": "p1000_96",
        "tipOverlapNotAfterVersion": "v0"
      },
      "result": {
        "pipetteId": "UUID"
      },
      "startedAt": "TIMESTAMP",
      "status": "succeeded"
    },
    {
      "commandType": "thermocycler/openLid",
      "completedAt": "TIMESTAMP",
      "createdAt": "TIMESTAMP",
      "id": "UUID",
      "key": "84b4c579938df8f175f906cc96862819",
      "notes": [],
      "params": {
        "moduleId": "UUID"
      },
      "result": {},
      "startedAt": "TIMESTAMP",
      "status": "succeeded"
    },
    {
      "commandType": "configureNozzleLayout",
      "completedAt": "TIMESTAMP",
      "createdAt": "TIMESTAMP",
      "id": "UUID",
      "key": "673662e4c61ebd3e36a12c1efcaed8e9",
      "notes": [],
      "params": {
        "configurationParams": {
          "primaryNozzle": "A12",
          "style": "COLUMN"
        },
        "pipetteId": "UUID"
      },
      "result": {},
      "startedAt": "TIMESTAMP",
      "status": "succeeded"
    }
  ],
  "config": {
    "apiVersion": [
      2,
      16
    ],
    "protocolType": "python"
  },
  "createdAt": "TIMESTAMP",
  "errors": [
    {
      "createdAt": "TIMESTAMP",
      "detail": "PartialTipMovementNotAllowedError [line 20]: Error 2004 MOTION_PLANNING_FAILURE (PartialTipMovementNotAllowedError): Requested motion with the A12 nozzle partial configuration is outside of robot bounds for the pipette.",
      "errorCode": "4000",
      "errorInfo": {},
      "errorType": "ExceptionInProtocolError",
      "id": "UUID",
      "isDefined": false,
      "wrappedErrors": [
        {
          "createdAt": "TIMESTAMP",
          "detail": "Requested motion with the A12 nozzle partial configuration is outside of robot bounds for the pipette.",
          "errorCode": "2004",
          "errorInfo": {},
          "errorType": "PartialTipMovementNotAllowedError",
          "id": "UUID",
          "isDefined": false,
          "wrappedErrors": []
        }
      ]
    }
  ],
  "files": [
    {
      "name": "Flex_X_v2_16_P1000_96_TC_pipetteCollisionWithThermocyclerLidClips.py",
      "role": "main"
    }
  ],
  "labware": [
    {
      "definitionUri": "opentrons/opentrons_flex_96_tiprack_200ul/1",
      "id": "UUID",
      "loadName": "opentrons_flex_96_tiprack_200ul",
      "location": {
        "slotName": "A2"
      }
    }
  ],
  "liquidClasses": [],
  "liquids": [],
  "metadata": {},
  "modules": [
    {
      "id": "UUID",
      "location": {
        "slotName": "B1"
      },
      "model": "thermocyclerModuleV2",
      "serialNumber": "UUID"
    }
  ],
  "pipettes": [
    {
      "id": "UUID",
      "mount": "left",
      "pipetteName": "p1000_96"
    }
  ],
  "result": "not-ok",
  "robotType": "OT-3 Standard",
  "runTimeParameters": []
}
