{
  "commandAnnotations": [],
  "commands": [
    {
      "commandType": "home",
      "completedAt": "TIMESTAMP",
      "createdAt": "TIMESTAMP",
      "id": "UUID",
      "key": "50c7ae73a4e3f7129874f39dfb514803",
      "notes": [],
      "params": {},
      "result": {},
      "startedAt": "TIMESTAMP",
      "status": "succeeded"
    },
    {
      "commandType": "loadLabware",
      "completedAt": "TIMESTAMP",
      "createdAt": "TIMESTAMP",
      "id": "UUID",
      "key": "73d9d4d55ae8466f3a793ceb70545fa5",
      "notes": [],
      "params": {
        "loadName": "opentrons_96_tiprack_1000ul",
        "location": {
          "slotName": "C2"
        },
        "namespace": "opentrons",
        "version": 1
      },
      "result": {
        "definition": {
          "allowedRoles": [],
          "brand": {
            "brand": "Opentrons",
            "brandId": [],
            "links": [
              "https://shop.opentrons.com/collections/opentrons-tips/products/opentrons-1000ul-tips"
            ]
          },
          "cornerOffsetFromSlot": {
            "x": 0,
            "y": 0,
            "z": 0
          },
          "dimensions": {
            "xDimension": 127.76,
            "yDimension": 85.48,
            "zDimension": 97.47
          },
          "gripperOffsets": {},
          "groups": [
            {
              "metadata": {},
              "wells": [
                "A1",
                "A10",
                "A11",
                "A12",
                "A2",
                "A3",
                "A4",
                "A5",
                "A6",
                "A7",
                "A8",
                "A9",
                "B1",
                "B10",
                "B11",
                "B12",
                "B2",
                "B3",
                "B4",
                "B5",
                "B6",
                "B7",
                "B8",
                "B9",
                "C1",
                "C10",
                "C11",
                "C12",
                "C2",
                "C3",
                "C4",
                "C5",
                "C6",
                "C7",
                "C8",
                "C9",
                "D1",
                "D10",
                "D11",
                "D12",
                "D2",
                "D3",
                "D4",
                "D5",
                "D6",
                "D7",
                "D8",
                "D9",
                "E1",
                "E10",
                "E11",
                "E12",
                "E2",
                "E3",
                "E4",
                "E5",
                "E6",
                "E7",
                "E8",
                "E9",
                "F1",
                "F10",
                "F11",
                "F12",
                "F2",
                "F3",
                "F4",
                "F5",
                "F6",
                "F7",
                "F8",
                "F9",
                "G1",
                "G10",
                "G11",
                "G12",
                "G2",
                "G3",
                "G4",
                "G5",
                "G6",
                "G7",
                "G8",
                "G9",
                "H1",
                "H10",
                "H11",
                "H12",
                "H2",
                "H3",
                "H4",
                "H5",
                "H6",
                "H7",
                "H8",
                "H9"
              ]
            }
          ],
          "metadata": {
            "displayCategory": "tipRack",
            "displayName": "Opentrons OT-2 96 Tip Rack 1000 µL",
            "displayVolumeUnits": "µL",
            "tags": []
          },
          "namespace": "opentrons",
          "ordering": [
            [
              "A1",
              "B1",
              "C1",
              "D1",
              "E1",
              "F1",
              "G1",
              "H1"
            ],
            [
              "A10",
              "B10",
              "C10",
              "D10",
              "E10",
              "F10",
              "G10",
              "H10"
            ],
            [
              "A11",
              "B11",
              "C11",
              "D11",
              "E11",
              "F11",
              "G11",
              "H11"
            ],
            [
              "A12",
              "B12",
              "C12",
              "D12",
              "E12",
              "F12",
              "G12",
              "H12"
            ],
            [
              "A2",
              "B2",
              "C2",
              "D2",
              "E2",
              "F2",
              "G2",
              "H2"
            ],
            [
              "A3",
              "B3",
              "C3",
              "D3",
              "E3",
              "F3",
              "G3",
              "H3"
            ],
            [
              "A4",
              "B4",
              "C4",
              "D4",
              "E4",
              "F4",
              "G4",
              "H4"
            ],
            [
              "A5",
              "B5",
              "C5",
              "D5",
              "E5",
              "F5",
              "G5",
              "H5"
            ],
            [
              "A6",
              "B6",
              "C6",
              "D6",
              "E6",
              "F6",
              "G6",
              "H6"
            ],
            [
              "A7",
              "B7",
              "C7",
              "D7",
              "E7",
              "F7",
              "G7",
              "H7"
            ],
            [
              "A8",
              "B8",
              "C8",
              "D8",
              "E8",
              "F8",
              "G8",
              "H8"
            ],
            [
              "A9",
              "B9",
              "C9",
              "D9",
              "E9",
              "F9",
              "G9",
              "H9"
            ]
          ],
          "parameters": {
            "format": "96Standard",
            "isMagneticModuleCompatible": false,
            "isTiprack": true,
            "loadName": "opentrons_96_tiprack_1000ul",
            "tipLength": 88,
            "tipOverlap": 7.95
          },
          "schemaVersion": 2,
          "stackingOffsetWithLabware": {},
          "stackingOffsetWithModule": {},
          "version": 1,
          "wells": {
            "A1": {
              "depth": 88,
              "diameter": 7.23,
              "shape": "circular",
              "totalLiquidVolume": 1000,
              "x": 14.38,
              "y": 74.24,
              "z": 9.47
            },
            "A10": {
              "depth": 88,
              "diameter": 7.23,
              "shape": "circular",
              "totalLiquidVolume": 1000,
              "x": 95.38,
              "y": 74.24,
              "z": 9.47
            },
            "A11": {
              "depth": 88,
              "diameter": 7.23,
              "shape": "circular",
              "totalLiquidVolume": 1000,
              "x": 104.38,
              "y": 74.24,
              "z": 9.47
            },
            "A12": {
              "depth": 88,
              "diameter": 7.23,
              "shape": "circular",
              "totalLiquidVolume": 1000,
              "x": 113.38,
              "y": 74.24,
              "z": 9.47
            },
            "A2": {
              "depth": 88,
              "diameter": 7.23,
              "shape": "circular",
              "totalLiquidVolume": 1000,
              "x": 23.38,
              "y": 74.24,
              "z": 9.47
            },
            "A3": {
              "depth": 88,
              "diameter": 7.23,
              "shape": "circular",
              "totalLiquidVolume": 1000,
              "x": 32.38,
              "y": 74.24,
              "z": 9.47
            },
            "A4": {
              "depth": 88,
              "diameter": 7.23,
              "shape": "circular",
              "totalLiquidVolume": 1000,
              "x": 41.38,
              "y": 74.24,
              "z": 9.47
            },
            "A5": {
              "depth": 88,
              "diameter": 7.23,
              "shape": "circular",
              "totalLiquidVolume": 1000,
              "x": 50.38,
              "y": 74.24,
              "z": 9.47
            },
            "A6": {
              "depth": 88,
              "diameter": 7.23,
              "shape": "circular",
              "totalLiquidVolume": 1000,
              "x": 59.38,
              "y": 74.24,
              "z": 9.47
            },
            "A7": {
              "depth": 88,
              "diameter": 7.23,
              "shape": "circular",
              "totalLiquidVolume": 1000,
              "x": 68.38,
              "y": 74.24,
              "z": 9.47
            },
            "A8": {
              "depth": 88,
              "diameter": 7.23,
              "shape": "circular",
              "totalLiquidVolume": 1000,
              "x": 77.38,
              "y": 74.24,
              "z": 9.47
            },
            "A9": {
              "depth": 88,
              "diameter": 7.23,
              "shape": "circular",
              "totalLiquidVolume": 1000,
              "x": 86.38,
              "y": 74.24,
              "z": 9.47
            },
            "B1": {
              "depth": 88,
              "diameter": 7.23,
              "shape": "circular",
              "totalLiquidVolume": 1000,
              "x": 14.38,
              "y": 65.24,
              "z": 9.47
            },
            "B10": {
              "depth": 88,
              "diameter": 7.23,
              "shape": "circular",
              "totalLiquidVolume": 1000,
              "x": 95.38,
              "y": 65.24,
              "z": 9.47
            },
            "B11": {
              "depth": 88,
              "diameter": 7.23,
              "shape": "circular",
              "totalLiquidVolume": 1000,
              "x": 104.38,
              "y": 65.24,
              "z": 9.47
            },
            "B12": {
              "depth": 88,
              "diameter": 7.23,
              "shape": "circular",
              "totalLiquidVolume": 1000,
              "x": 113.38,
              "y": 65.24,
              "z": 9.47
            },
            "B2": {
              "depth": 88,
              "diameter": 7.23,
              "shape": "circular",
              "totalLiquidVolume": 1000,
              "x": 23.38,
              "y": 65.24,
              "z": 9.47
            },
            "B3": {
              "depth": 88,
              "diameter": 7.23,
              "shape": "circular",
              "totalLiquidVolume": 1000,
              "x": 32.38,
              "y": 65.24,
              "z": 9.47
            },
            "B4": {
              "depth": 88,
              "diameter": 7.23,
              "shape": "circular",
              "totalLiquidVolume": 1000,
              "x": 41.38,
              "y": 65.24,
              "z": 9.47
            },
            "B5": {
              "depth": 88,
              "diameter": 7.23,
              "shape": "circular",
              "totalLiquidVolume": 1000,
              "x": 50.38,
              "y": 65.24,
              "z": 9.47
            },
            "B6": {
              "depth": 88,
              "diameter": 7.23,
              "shape": "circular",
              "totalLiquidVolume": 1000,
              "x": 59.38,
              "y": 65.24,
              "z": 9.47
            },
            "B7": {
              "depth": 88,
              "diameter": 7.23,
              "shape": "circular",
              "totalLiquidVolume": 1000,
              "x": 68.38,
              "y": 65.24,
              "z": 9.47
            },
            "B8": {
              "depth": 88,
              "diameter": 7.23,
              "shape": "circular",
              "totalLiquidVolume": 1000,
              "x": 77.38,
              "y": 65.24,
              "z": 9.47
            },
            "B9": {
              "depth": 88,
              "diameter": 7.23,
              "shape": "circular",
              "totalLiquidVolume": 1000,
              "x": 86.38,
              "y": 65.24,
              "z": 9.47
            },
            "C1": {
              "depth": 88,
              "diameter": 7.23,
              "shape": "circular",
              "totalLiquidVolume": 1000,
              "x": 14.38,
              "y": 56.24,
              "z": 9.47
            },
            "C10": {
              "depth": 88,
              "diameter": 7.23,
              "shape": "circular",
              "totalLiquidVolume": 1000,
              "x": 95.38,
              "y": 56.24,
              "z": 9.47
            },
            "C11": {
              "depth": 88,
              "diameter": 7.23,
              "shape": "circular",
              "totalLiquidVolume": 1000,
              "x": 104.38,
              "y": 56.24,
              "z": 9.47
            },
            "C12": {
              "depth": 88,
              "diameter": 7.23,
              "shape": "circular",
              "totalLiquidVolume": 1000,
              "x": 113.38,
              "y": 56.24,
              "z": 9.47
            },
            "C2": {
              "depth": 88,
              "diameter": 7.23,
              "shape": "circular",
              "totalLiquidVolume": 1000,
              "x": 23.38,
              "y": 56.24,
              "z": 9.47
            },
            "C3": {
              "depth": 88,
              "diameter": 7.23,
              "shape": "circular",
              "totalLiquidVolume": 1000,
              "x": 32.38,
              "y": 56.24,
              "z": 9.47
            },
            "C4": {
              "depth": 88,
              "diameter": 7.23,
              "shape": "circular",
              "totalLiquidVolume": 1000,
              "x": 41.38,
              "y": 56.24,
              "z": 9.47
            },
            "C5": {
              "depth": 88,
              "diameter": 7.23,
              "shape": "circular",
              "totalLiquidVolume": 1000,
              "x": 50.38,
              "y": 56.24,
              "z": 9.47
            },
            "C6": {
              "depth": 88,
              "diameter": 7.23,
              "shape": "circular",
              "totalLiquidVolume": 1000,
              "x": 59.38,
              "y": 56.24,
              "z": 9.47
            },
            "C7": {
              "depth": 88,
              "diameter": 7.23,
              "shape": "circular",
              "totalLiquidVolume": 1000,
              "x": 68.38,
              "y": 56.24,
              "z": 9.47
            },
            "C8": {
              "depth": 88,
              "diameter": 7.23,
              "shape": "circular",
              "totalLiquidVolume": 1000,
              "x": 77.38,
              "y": 56.24,
              "z": 9.47
            },
            "C9": {
              "depth": 88,
              "diameter": 7.23,
              "shape": "circular",
              "totalLiquidVolume": 1000,
              "x": 86.38,
              "y": 56.24,
              "z": 9.47
            },
            "D1": {
              "depth": 88,
              "diameter": 7.23,
              "shape": "circular",
              "totalLiquidVolume": 1000,
              "x": 14.38,
              "y": 47.24,
              "z": 9.47
            },
            "D10": {
              "depth": 88,
              "diameter": 7.23,
              "shape": "circular",
              "totalLiquidVolume": 1000,
              "x": 95.38,
              "y": 47.24,
              "z": 9.47
            },
            "D11": {
              "depth": 88,
              "diameter": 7.23,
              "shape": "circular",
              "totalLiquidVolume": 1000,
              "x": 104.38,
              "y": 47.24,
              "z": 9.47
            },
            "D12": {
              "depth": 88,
              "diameter": 7.23,
              "shape": "circular",
              "totalLiquidVolume": 1000,
              "x": 113.38,
              "y": 47.24,
              "z": 9.47
            },
            "D2": {
              "depth": 88,
              "diameter": 7.23,
              "shape": "circular",
              "totalLiquidVolume": 1000,
              "x": 23.38,
              "y": 47.24,
              "z": 9.47
            },
            "D3": {
              "depth": 88,
              "diameter": 7.23,
              "shape": "circular",
              "totalLiquidVolume": 1000,
              "x": 32.38,
              "y": 47.24,
              "z": 9.47
            },
            "D4": {
              "depth": 88,
              "diameter": 7.23,
              "shape": "circular",
              "totalLiquidVolume": 1000,
              "x": 41.38,
              "y": 47.24,
              "z": 9.47
            },
            "D5": {
              "depth": 88,
              "diameter": 7.23,
              "shape": "circular",
              "totalLiquidVolume": 1000,
              "x": 50.38,
              "y": 47.24,
              "z": 9.47
            },
            "D6": {
              "depth": 88,
              "diameter": 7.23,
              "shape": "circular",
              "totalLiquidVolume": 1000,
              "x": 59.38,
              "y": 47.24,
              "z": 9.47
            },
            "D7": {
              "depth": 88,
              "diameter": 7.23,
              "shape": "circular",
              "totalLiquidVolume": 1000,
              "x": 68.38,
              "y": 47.24,
              "z": 9.47
            },
            "D8": {
              "depth": 88,
              "diameter": 7.23,
              "shape": "circular",
              "totalLiquidVolume": 1000,
              "x": 77.38,
              "y": 47.24,
              "z": 9.47
            },
            "D9": {
              "depth": 88,
              "diameter": 7.23,
              "shape": "circular",
              "totalLiquidVolume": 1000,
              "x": 86.38,
              "y": 47.24,
              "z": 9.47
            },
            "E1": {
              "depth": 88,
              "diameter": 7.23,
              "shape": "circular",
              "totalLiquidVolume": 1000,
              "x": 14.38,
              "y": 38.24,
              "z": 9.47
            },
            "E10": {
              "depth": 88,
              "diameter": 7.23,
              "shape": "circular",
              "totalLiquidVolume": 1000,
              "x": 95.38,
              "y": 38.24,
              "z": 9.47
            },
            "E11": {
              "depth": 88,
              "diameter": 7.23,
              "shape": "circular",
              "totalLiquidVolume": 1000,
              "x": 104.38,
              "y": 38.24,
              "z": 9.47
            },
            "E12": {
              "depth": 88,
              "diameter": 7.23,
              "shape": "circular",
              "totalLiquidVolume": 1000,
              "x": 113.38,
              "y": 38.24,
              "z": 9.47
            },
            "E2": {
              "depth": 88,
              "diameter": 7.23,
              "shape": "circular",
              "totalLiquidVolume": 1000,
              "x": 23.38,
              "y": 38.24,
              "z": 9.47
            },
            "E3": {
              "depth": 88,
              "diameter": 7.23,
              "shape": "circular",
              "totalLiquidVolume": 1000,
              "x": 32.38,
              "y": 38.24,
              "z": 9.47
            },
            "E4": {
              "depth": 88,
              "diameter": 7.23,
              "shape": "circular",
              "totalLiquidVolume": 1000,
              "x": 41.38,
              "y": 38.24,
              "z": 9.47
            },
            "E5": {
              "depth": 88,
              "diameter": 7.23,
              "shape": "circular",
              "totalLiquidVolume": 1000,
              "x": 50.38,
              "y": 38.24,
              "z": 9.47
            },
            "E6": {
              "depth": 88,
              "diameter": 7.23,
              "shape": "circular",
              "totalLiquidVolume": 1000,
              "x": 59.38,
              "y": 38.24,
              "z": 9.47
            },
            "E7": {
              "depth": 88,
              "diameter": 7.23,
              "shape": "circular",
              "totalLiquidVolume": 1000,
              "x": 68.38,
              "y": 38.24,
              "z": 9.47
            },
            "E8": {
              "depth": 88,
              "diameter": 7.23,
              "shape": "circular",
              "totalLiquidVolume": 1000,
              "x": 77.38,
              "y": 38.24,
              "z": 9.47
            },
            "E9": {
              "depth": 88,
              "diameter": 7.23,
              "shape": "circular",
              "totalLiquidVolume": 1000,
              "x": 86.38,
              "y": 38.24,
              "z": 9.47
            },
            "F1": {
              "depth": 88,
              "diameter": 7.23,
              "shape": "circular",
              "totalLiquidVolume": 1000,
              "x": 14.38,
              "y": 29.24,
              "z": 9.47
            },
            "F10": {
              "depth": 88,
              "diameter": 7.23,
              "shape": "circular",
              "totalLiquidVolume": 1000,
              "x": 95.38,
              "y": 29.24,
              "z": 9.47
            },
            "F11": {
              "depth": 88,
              "diameter": 7.23,
              "shape": "circular",
              "totalLiquidVolume": 1000,
              "x": 104.38,
              "y": 29.24,
              "z": 9.47
            },
            "F12": {
              "depth": 88,
              "diameter": 7.23,
              "shape": "circular",
              "totalLiquidVolume": 1000,
              "x": 113.38,
              "y": 29.24,
              "z": 9.47
            },
            "F2": {
              "depth": 88,
              "diameter": 7.23,
              "shape": "circular",
              "totalLiquidVolume": 1000,
              "x": 23.38,
              "y": 29.24,
              "z": 9.47
            },
            "F3": {
              "depth": 88,
              "diameter": 7.23,
              "shape": "circular",
              "totalLiquidVolume": 1000,
              "x": 32.38,
              "y": 29.24,
              "z": 9.47
            },
            "F4": {
              "depth": 88,
              "diameter": 7.23,
              "shape": "circular",
              "totalLiquidVolume": 1000,
              "x": 41.38,
              "y": 29.24,
              "z": 9.47
            },
            "F5": {
              "depth": 88,
              "diameter": 7.23,
              "shape": "circular",
              "totalLiquidVolume": 1000,
              "x": 50.38,
              "y": 29.24,
              "z": 9.47
            },
            "F6": {
              "depth": 88,
              "diameter": 7.23,
              "shape": "circular",
              "totalLiquidVolume": 1000,
              "x": 59.38,
              "y": 29.24,
              "z": 9.47
            },
            "F7": {
              "depth": 88,
              "diameter": 7.23,
              "shape": "circular",
              "totalLiquidVolume": 1000,
              "x": 68.38,
              "y": 29.24,
              "z": 9.47
            },
            "F8": {
              "depth": 88,
              "diameter": 7.23,
              "shape": "circular",
              "totalLiquidVolume": 1000,
              "x": 77.38,
              "y": 29.24,
              "z": 9.47
            },
            "F9": {
              "depth": 88,
              "diameter": 7.23,
              "shape": "circular",
              "totalLiquidVolume": 1000,
              "x": 86.38,
              "y": 29.24,
              "z": 9.47
            },
            "G1": {
              "depth": 88,
              "diameter": 7.23,
              "shape": "circular",
              "totalLiquidVolume": 1000,
              "x": 14.38,
              "y": 20.24,
              "z": 9.47
            },
            "G10": {
              "depth": 88,
              "diameter": 7.23,
              "shape": "circular",
              "totalLiquidVolume": 1000,
              "x": 95.38,
              "y": 20.24,
              "z": 9.47
            },
            "G11": {
              "depth": 88,
              "diameter": 7.23,
              "shape": "circular",
              "totalLiquidVolume": 1000,
              "x": 104.38,
              "y": 20.24,
              "z": 9.47
            },
            "G12": {
              "depth": 88,
              "diameter": 7.23,
              "shape": "circular",
              "totalLiquidVolume": 1000,
              "x": 113.38,
              "y": 20.24,
              "z": 9.47
            },
            "G2": {
              "depth": 88,
              "diameter": 7.23,
              "shape": "circular",
              "totalLiquidVolume": 1000,
              "x": 23.38,
              "y": 20.24,
              "z": 9.47
            },
            "G3": {
              "depth": 88,
              "diameter": 7.23,
              "shape": "circular",
              "totalLiquidVolume": 1000,
              "x": 32.38,
              "y": 20.24,
              "z": 9.47
            },
            "G4": {
              "depth": 88,
              "diameter": 7.23,
              "shape": "circular",
              "totalLiquidVolume": 1000,
              "x": 41.38,
              "y": 20.24,
              "z": 9.47
            },
            "G5": {
              "depth": 88,
              "diameter": 7.23,
              "shape": "circular",
              "totalLiquidVolume": 1000,
              "x": 50.38,
              "y": 20.24,
              "z": 9.47
            },
            "G6": {
              "depth": 88,
              "diameter": 7.23,
              "shape": "circular",
              "totalLiquidVolume": 1000,
              "x": 59.38,
              "y": 20.24,
              "z": 9.47
            },
            "G7": {
              "depth": 88,
              "diameter": 7.23,
              "shape": "circular",
              "totalLiquidVolume": 1000,
              "x": 68.38,
              "y": 20.24,
              "z": 9.47
            },
            "G8": {
              "depth": 88,
              "diameter": 7.23,
              "shape": "circular",
              "totalLiquidVolume": 1000,
              "x": 77.38,
              "y": 20.24,
              "z": 9.47
            },
            "G9": {
              "depth": 88,
              "diameter": 7.23,
              "shape": "circular",
              "totalLiquidVolume": 1000,
              "x": 86.38,
              "y": 20.24,
              "z": 9.47
            },
            "H1": {
              "depth": 88,
              "diameter": 7.23,
              "shape": "circular",
              "totalLiquidVolume": 1000,
              "x": 14.38,
              "y": 11.24,
              "z": 9.47
            },
            "H10": {
              "depth": 88,
              "diameter": 7.23,
              "shape": "circular",
              "totalLiquidVolume": 1000,
              "x": 95.38,
              "y": 11.24,
              "z": 9.47
            },
            "H11": {
              "depth": 88,
              "diameter": 7.23,
              "shape": "circular",
              "totalLiquidVolume": 1000,
              "x": 104.38,
              "y": 11.24,
              "z": 9.47
            },
            "H12": {
              "depth": 88,
              "diameter": 7.23,
              "shape": "circular",
              "totalLiquidVolume": 1000,
              "x": 113.38,
              "y": 11.24,
              "z": 9.47
            },
            "H2": {
              "depth": 88,
              "diameter": 7.23,
              "shape": "circular",
              "totalLiquidVolume": 1000,
              "x": 23.38,
              "y": 11.24,
              "z": 9.47
            },
            "H3": {
              "depth": 88,
              "diameter": 7.23,
              "shape": "circular",
              "totalLiquidVolume": 1000,
              "x": 32.38,
              "y": 11.24,
              "z": 9.47
            },
            "H4": {
              "depth": 88,
              "diameter": 7.23,
              "shape": "circular",
              "totalLiquidVolume": 1000,
              "x": 41.38,
              "y": 11.24,
              "z": 9.47
            },
            "H5": {
              "depth": 88,
              "diameter": 7.23,
              "shape": "circular",
              "totalLiquidVolume": 1000,
              "x": 50.38,
              "y": 11.24,
              "z": 9.47
            },
            "H6": {
              "depth": 88,
              "diameter": 7.23,
              "shape": "circular",
              "totalLiquidVolume": 1000,
              "x": 59.38,
              "y": 11.24,
              "z": 9.47
            },
            "H7": {
              "depth": 88,
              "diameter": 7.23,
              "shape": "circular",
              "totalLiquidVolume": 1000,
              "x": 68.38,
              "y": 11.24,
              "z": 9.47
            },
            "H8": {
              "depth": 88,
              "diameter": 7.23,
              "shape": "circular",
              "totalLiquidVolume": 1000,
              "x": 77.38,
              "y": 11.24,
              "z": 9.47
            },
            "H9": {
              "depth": 88,
              "diameter": 7.23,
              "shape": "circular",
              "totalLiquidVolume": 1000,
              "x": 86.38,
              "y": 11.24,
              "z": 9.47
            }
          }
        },
        "labwareId": "UUID"
      },
      "startedAt": "TIMESTAMP",
      "status": "succeeded"
    },
    {
      "commandType": "loadPipette",
      "completedAt": "TIMESTAMP",
      "createdAt": "TIMESTAMP",
      "id": "UUID",
      "key": "bd403a1c851a75b4b68ce34796d713fa",
      "notes": [],
      "params": {
        "liquidPresenceDetection": false,
        "mount": "left",
        "pipetteName": "p1000_96",
        "tipOverlapNotAfterVersion": "v3"
      },
      "result": {
        "pipetteId": "UUID"
      },
      "startedAt": "TIMESTAMP",
      "status": "succeeded"
    },
    {
      "commandType": "configureNozzleLayout",
      "completedAt": "TIMESTAMP",
      "createdAt": "TIMESTAMP",
      "id": "UUID",
      "key": "2c37ad797da7df791b57a7843a203e88",
      "notes": [],
      "params": {
        "configurationParams": {
          "primaryNozzle": "A1",
          "style": "COLUMN"
        },
        "pipetteId": "UUID"
      },
      "result": {},
      "startedAt": "TIMESTAMP",
      "status": "succeeded"
    },
    {
      "commandType": "loadLabware",
      "completedAt": "TIMESTAMP",
      "createdAt": "TIMESTAMP",
      "id": "UUID",
      "key": "691afd54dfa7982fb89e5f77c763bfd4",
      "notes": [],
      "params": {
        "loadName": "opentrons_10_tuberack_falcon_4x50ml_6x15ml_conical",
        "location": {
          "slotName": "C3"
        },
        "namespace": "opentrons",
        "version": 1
      },
      "result": {
        "definition": {
          "allowedRoles": [],
          "brand": {
            "brand": "Opentrons",
            "brandId": [],
            "links": [
              "https://shop.opentrons.com/collections/opentrons-tips/products/tube-rack-set-1"
            ]
          },
          "cornerOffsetFromSlot": {
            "x": 0,
            "y": 0,
            "z": 0
          },
          "dimensions": {
            "xDimension": 127.75,
            "yDimension": 85.5,
            "zDimension": 124.35
          },
          "gripperOffsets": {},
          "groups": [
            {
              "brand": {
                "brand": "Falcon",
                "brandId": [
                  "352095",
                  "352096",
                  "352097",
                  "352099",
                  "352196"
                ],
                "links": [
                  "https://ecatalog.corning.com/life-sciences/b2c/US/en/Liquid-Handling/Tubes,-Liquid-Handling/Centrifuge-Tubes/Falcon%C2%AE-Conical-Centrifuge-Tubes/p/falconConicalTubes"
                ]
              },
              "metadata": {
                "displayCategory": "tubeRack",
                "displayName": "Falcon 6x15 mL Conical",
                "wellBottomShape": "v"
              },
              "wells": [
                "A1",
                "A2",
                "B1",
                "B2",
                "C1",
                "C2"
              ]
            },
            {
              "brand": {
                "brand": "Falcon",
                "brandId": [
                  "352070",
                  "352098"
                ],
                "links": [
                  "https://ecatalog.corning.com/life-sciences/b2c/US/en/Liquid-Handling/Tubes,-Liquid-Handling/Centrifuge-Tubes/Falcon%C2%AE-Conical-Centrifuge-Tubes/p/falconConicalTubes"
                ]
              },
              "metadata": {
                "displayCategory": "tubeRack",
                "displayName": "Falcon 4x50 mL Conical",
                "wellBottomShape": "v"
              },
              "wells": [
                "A3",
                "A4",
                "B3",
                "B4"
              ]
            }
          ],
          "metadata": {
            "displayCategory": "tubeRack",
            "displayName": "Opentrons 10 Tube Rack with Falcon 4x50 mL, 6x15 mL Conical",
            "displayVolumeUnits": "mL",
            "tags": []
          },
          "namespace": "opentrons",
          "ordering": [
            [
              "A1",
              "B1",
              "C1"
            ],
            [
              "A2",
              "B2",
              "C2"
            ],
            [
              "A3",
              "B3"
            ],
            [
              "A4",
              "B4"
            ]
          ],
          "parameters": {
            "format": "irregular",
            "isMagneticModuleCompatible": false,
            "isTiprack": false,
            "loadName": "opentrons_10_tuberack_falcon_4x50ml_6x15ml_conical"
          },
          "schemaVersion": 2,
          "stackingOffsetWithLabware": {},
          "stackingOffsetWithModule": {},
          "version": 1,
          "wells": {
            "A1": {
              "depth": 117.5,
              "diameter": 14.9,
              "shape": "circular",
              "totalLiquidVolume": 15000,
              "x": 13.88,
              "y": 67.75,
              "z": 6.85
            },
            "A2": {
              "depth": 117.5,
              "diameter": 14.9,
              "shape": "circular",
              "totalLiquidVolume": 15000,
              "x": 38.88,
              "y": 67.75,
              "z": 6.85
            },
            "A3": {
              "depth": 113,
              "diameter": 27.81,
              "shape": "circular",
              "totalLiquidVolume": 50000,
              "x": 71.38,
              "y": 60.25,
              "z": 7.3
            },
            "A4": {
              "depth": 113,
              "diameter": 27.81,
              "shape": "circular",
              "totalLiquidVolume": 50000,
              "x": 106.38,
              "y": 60.25,
              "z": 7.3
            },
            "B1": {
              "depth": 117.5,
              "diameter": 14.9,
              "shape": "circular",
              "totalLiquidVolume": 15000,
              "x": 13.88,
              "y": 42.75,
              "z": 6.85
            },
            "B2": {
              "depth": 117.5,
              "diameter": 14.9,
              "shape": "circular",
              "totalLiquidVolume": 15000,
              "x": 38.88,
              "y": 42.75,
              "z": 6.85
            },
            "B3": {
              "depth": 113,
              "diameter": 27.81,
              "shape": "circular",
              "totalLiquidVolume": 50000,
              "x": 71.38,
              "y": 25.25,
              "z": 7.3
            },
            "B4": {
              "depth": 113,
              "diameter": 27.81,
              "shape": "circular",
              "totalLiquidVolume": 50000,
              "x": 106.38,
              "y": 25.25,
              "z": 7.3
            },
            "C1": {
              "depth": 117.5,
              "diameter": 14.9,
              "shape": "circular",
              "totalLiquidVolume": 15000,
              "x": 13.88,
              "y": 17.75,
              "z": 6.85
            },
            "C2": {
              "depth": 117.5,
              "diameter": 14.9,
              "shape": "circular",
              "totalLiquidVolume": 15000,
              "x": 38.88,
              "y": 17.75,
              "z": 6.85
            }
          }
        },
        "labwareId": "UUID"
      },
      "startedAt": "TIMESTAMP",
      "status": "succeeded"
    }
  ],
  "config": {
    "apiVersion": [
      2,
      20
    ],
    "protocolType": "python"
  },
  "createdAt": "TIMESTAMP",
  "errors": [
    {
      "createdAt": "TIMESTAMP",
      "detail": "PartialTipMovementNotAllowedError [line 479]: Error 2004 MOTION_PLANNING_FAILURE (PartialTipMovementNotAllowedError): Moving to Opentrons OT-2 96 Tip Rack 1000 µL in slot C2 with A1 nozzle partial configuration will result in collision with items in deck slot C3.",
      "errorCode": "4000",
      "errorInfo": {},
      "errorType": "ExceptionInProtocolError",
      "id": "UUID",
      "isDefined": false,
      "wrappedErrors": [
        {
          "createdAt": "TIMESTAMP",
          "detail": "Moving to Opentrons OT-2 96 Tip Rack 1000 µL in slot C2 with A1 nozzle partial configuration will result in collision with items in deck slot C3.",
          "errorCode": "2004",
          "errorInfo": {},
          "errorType": "PartialTipMovementNotAllowedError",
          "id": "UUID",
          "isDefined": false,
          "wrappedErrors": []
        }
      ]
    }
  ],
  "files": [
    {
      "name": "Flex_X_v2_20_96_None_Overrides_TooTallLabware_Override_west_column.py",
      "role": "main"
    }
  ],
  "labware": [
    {
      "definitionUri": "opentrons/opentrons_96_tiprack_1000ul/1",
      "id": "UUID",
      "loadName": "opentrons_96_tiprack_1000ul",
      "location": {
        "slotName": "C2"
      }
    },
    {
      "definitionUri": "opentrons/opentrons_10_tuberack_falcon_4x50ml_6x15ml_conical/1",
      "id": "UUID",
      "loadName": "opentrons_10_tuberack_falcon_4x50ml_6x15ml_conical",
      "location": {
        "slotName": "C3"
      }
    }
  ],
  "liquidClasses": [],
  "liquids": [],
  "metadata": {
    "description": "oooo",
    "protocolName": "Too tall labware on pickup tip"
  },
  "modules": [],
  "pipettes": [
    {
      "id": "UUID",
      "mount": "left",
      "pipetteName": "p1000_96"
    }
  ],
  "result": "not-ok",
  "robotType": "OT-3 Standard",
  "runTimeParameters": []
}
